BL51 BANKED LINKER/LOCATER V6.22.2.0                                                    05/05/2024  23:43:50  PAGE 1


BL51 BANKED LINKER/LOCATER V6.22.2.0, INVOKED BY:
D:\SOFTWARE\KEIL_V5\C51\BIN\BL51.EXE .\Objects\STARTUP.obj, .\Objects\main.obj TO .\Objects\test2 PRINT (.\Listings\test
>> 2.m51)


INPUT MODULES INCLUDED:
  .\Objects\STARTUP.obj (?C_STARTUP)
  .\Objects\main.obj (MAIN)


LINK MAP OF MODULE:  .\Objects\test2 (?C_STARTUP)


            TYPE    BASE      LENGTH    RELOCATION   SEGMENT NAME
            -----------------------------------------------------

            * * * * * * *   D A T A   M E M O R Y   * * * * * * *
            REG     0000H     0008H     ABSOLUTE     "REG BANK 0"
            IDATA   0008H     0001H     UNIT         ?STACK

            * * * * * * *   C O D E   M E M O R Y   * * * * * * *
            CODE    0000H     0003H     ABSOLUTE     
* OVERLAP * CODE    0000H     004EH     ABSOLUTE     
            CODE    004EH     000CH     UNIT         ?C_C51STARTUP



UNRESOLVED EXTERNAL SYMBOLS:
   ?C_START



SYMBOL TABLE OF MODULE:  .\Objects\test2 (?C_STARTUP)

  VALUE           TYPE          NAME
  ----------------------------------

  -------         MODULE        ?C_STARTUP
  C:004EH         SEGMENT       ?C_C51STARTUP
  I:0008H         SEGMENT       ?STACK
  C:0000H         PUBLIC        ?C_STARTUP
  D:00E0H         SYMBOL        ACC
  D:00F0H         SYMBOL        B
  D:0083H         SYMBOL        DPH
  D:0082H         SYMBOL        DPL
  N:0000H         SYMBOL        IBPSTACK
  N:0100H         SYMBOL        IBPSTACKTOP
  N:0080H         SYMBOL        IDATALEN
  C:0051H         SYMBOL        IDATALOOP
  N:0000H         SYMBOL        PBPSTACK
  N:0100H         SYMBOL        PBPSTACKTOP
  N:0000H         SYMBOL        PDATALEN
  N:0000H         SYMBOL        PDATASTART
  N:0000H         SYMBOL        PPAGE
  N:0000H         SYMBOL        PPAGEENABLE
  D:00A0H         SYMBOL        PPAGE_SFR
  D:0081H         SYMBOL        SP
  C:004EH         SYMBOL        STARTUP1
BL51 BANKED LINKER/LOCATER V6.22.2.0                                                  05/05/2024  23:43:50  PAGE 2


  N:0000H         SYMBOL        XBPSTACK
  N:0000H         SYMBOL        XBPSTACKTOP
  N:0000H         SYMBOL        XDATALEN
  N:0000H         SYMBOL        XDATASTART
  C:0000H         LINE#         126
  C:004EH         LINE#         133
  C:0050H         LINE#         134
  C:0051H         LINE#         135
  C:0052H         LINE#         136
  C:0054H         LINE#         185
  C:0057H         LINE#         196
  -------         ENDMOD        ?C_STARTUP

  -------         MODULE        MAIN
  C:0037H         SYMBOL        CPLP
  C:003FH         SYMBOL        DELAY
  C:0034H         SYMBOL        LOOP
  C:0041H         SYMBOL        LOOP0
  C:0043H         SYMBOL        LOOP1
  C:0045H         SYMBOL        LOOP2
  C:0047H         SYMBOL        LOOP3
  C:0030H         SYMBOL        MAIN
  C:003CH         SYMBOL        OVERLOOP
  D:00A0H         SYMBOL        P2
  C:0000H         LINE#         2
  C:0030H         LINE#         5
  C:0032H         LINE#         6
  C:0034H         LINE#         8
  C:0037H         LINE#         10
  C:0038H         LINE#         11
  C:003AH         LINE#         12
  C:003CH         LINE#         14
  C:003DH         LINE#         15
  C:003FH         LINE#         17
  C:0041H         LINE#         19
  C:0043H         LINE#         21
  C:0045H         LINE#         23
  C:0047H         LINE#         25
  C:0049H         LINE#         26
  C:004BH         LINE#         27
  -------         ENDMOD        MAIN

*** WARNING L5: CODE SPACE MEMORY OVERLAP
    FROM:    0000H
    TO:      0002H

*** WARNING L1: UNRESOLVED EXTERNAL SYMBOL
    SYMBOL:  ?C_START
    MODULE:  .\Objects\STARTUP.obj (?C_STARTUP)

*** WARNING L2: REFERENCE MADE TO UNRESOLVED EXTERNAL
    SYMBOL:  ?C_START
    MODULE:  .\Objects\STARTUP.obj (?C_STARTUP)
    ADDRESS: 0058H

Program Size: data=9.0 xdata=0 code=93
LINK/LOCATE RUN COMPLETE.  3 WARNING(S),  0 ERROR(S)
